// Jest Snapshot v1, https://goo.gl/fbAQLP

exports[`VM can export params 1`] = `
Array [
  MonoParam {
    "defaultValue": 0.5,
    "id": Token {
      "0": "e",
      "1": "x",
      "2": "p",
      "3": "o",
      "4": "r",
      "5": "t",
      "6": "/",
      "7": "f",
      "8": "/",
      "9": "x",
      "group": "ids",
    },
    "maxValue": 1,
    "minValue": 0,
    "name": "export/f/x",
    "normalValue": 0.5,
    "scaleValue": 1,
  },
]
`;

exports[`VM hot swap can hot swap adding lp 1`] = `
Array [
  0,
  -0.0000025954493594326777,
  0,
  0.000007773992365400773,
  0.000020714152924483642,
  0.000038807978853583336,
  0.00006204294186318293,
  0.00009040719305630773,
  0.00012388771574478596,
  0.00016247296298388392,
]
`;

exports[`VM hot swap can hot swap adding lp 2`] = `
Array [
  0,
  0.010581699199974537,
  0.0279916413128376,
  0.05206065997481346,
  0.0826188251376152,
  0.11949744075536728,
  0.16252866387367249,
  0.21154701709747314,
  0.2663850486278534,
  0.3268795311450958,
]
`;

exports[`VM hot swap can hot swap with complex code 1`] = `
Array [
  0,
  -0.0000025954493594326777,
  0,
  0.000007773992365400773,
  0.000020714152924483642,
  0.000038807978853583336,
  0.00006204294186318293,
  0.00009040719305630773,
  0.00012388771574478596,
  0.00016247296298388392,
]
`;

exports[`VM hot swap can hot swap with complex code 2`] = `
Array [
  0,
  -0.0000025955555429391097,
  -2.127485826397546e-10,
  0.000007773672223265748,
  0.00002071373091894202,
  0.00003880745134665631,
  0.00006204230157891288,
  0.00009040644363267347,
  0.00012388688628561795,
  0.0001624720316613093,
]
`;
