// Jest Snapshot v1, https://goo.gl/fbAQLP

exports[`mono lp 1`] = `
Array [
  0,
  0.00005280714321997948,
  0.0003152576391585171,
  0.0009916839189827442,
  0.002277880208566785,
]
`;

exports[`mono lp 2`] = `
Array [
  0,
  0.00005280720298351749,
  0.00031525799979380265,
  0.0009916850854711705,
  0.0022778830220130373,
]
`;
